14:13:09 **** Incremental Build of configuration Debug for project gyroskyter ****
make -j8 all 
arm-none-eabi-gcc "../Core/Src/main.c" -mcpu=cortex-m3 -std=gnu11 -g3 -DDEBUG -DUSE_HAL_DRIVER -DSTM32F103x6 -c -I../Core/Inc -IC:/Users/123/STM32Cube/Repository/STM32Cube_FW_F1_V1.8.5/Drivers/STM32F1xx_HAL_Driver/Inc -IC:/Users/123/STM32Cube/Repository/STM32Cube_FW_F1_V1.8.5/Drivers/STM32F1xx_HAL_Driver/Inc/Legacy -IC:/Users/123/STM32Cube/Repository/STM32Cube_FW_F1_V1.8.5/Drivers/CMSIS/Device/ST/STM32F1xx/Include -IC:/Users/123/STM32Cube/Repository/STM32Cube_FW_F1_V1.8.5/Drivers/CMSIS/Include -O0 -ffunction-sections -fdata-sections -Wall -fstack-usage -MMD -MP -MF"Core/Src/main.d" -MT"Core/Src/main.o" --specs=nano.specs -mfloat-abi=soft -mthumb -o "Core/Src/main.o"
../Core/Src/main.c: In function 'servo_deg':
../Core/Src/main.c:64:21: warning: statement with no effect [-Wunused-value]
   64 |   deg >=360? deg=360: deg;
      |   ~~~~~~~~~~~~~~~~~~^~~~~
../Core/Src/main.c: In function 'MPU_6050_Init':
../Core/Src/main.c:79:77: warning: passing argument 5 of 'HAL_I2C_Mem_Read' from incompatible pointer type [-Wincompatible-pointer-types]
   79 |  HAL_I2C_Mem_Read (&hi2c1, MPU6050_ADDRESS_AD0_LOW, MPU6050_RA_WHO_AM_I, 1, &check, 1, 1000);
      |                                                                             ^~~~~~
      |                                                                             |
      |                                                                             int *
In file included from ../Core/Inc/stm32f1xx_hal_conf.h:298,
                 from C:/Users/123/STM32Cube/Repository/STM32Cube_FW_F1_V1.8.5/Drivers/STM32F1xx_HAL_Driver/Inc/stm32f1xx_hal.h:29,
                 from ../Core/Inc/main.h:30,
                 from ../Core/Src/main.c:20:
C:/Users/123/STM32Cube/Repository/STM32Cube_FW_F1_V1.8.5/Drivers/STM32F1xx_HAL_Driver/Inc/stm32f1xx_hal_i2c.h:568:133: note: expected 'uint8_t *' {aka 'unsigned char *'} but argument is of type 'int *'
  568 | HAL_StatusTypeDef HAL_I2C_Mem_Read(I2C_HandleTypeDef *hi2c, uint16_t DevAddress, uint16_t MemAddress, uint16_t MemAddSize, uint8_t *pData, uint16_t Size, uint32_t Timeout);
      |                                                                                                                            ~~~~~~~~~^~~~~
../Core/Src/main.c:81:79: warning: passing argument 5 of 'HAL_I2C_Mem_Write' from incompatible pointer type [-Wincompatible-pointer-types]
   81 |  HAL_I2C_Mem_Write(&hi2c1, MPU6050_ADDRESS_AD0_LOW, MPU6050_RA_PWR_MGMT_1, 1, &data, 1, 1000);
      |                                                                               ^~~~~
      |                                                                               |
      |                                                                               int *
In file included from ../Core/Inc/stm32f1xx_hal_conf.h:298,
                 from C:/Users/123/STM32Cube/Repository/STM32Cube_FW_F1_V1.8.5/Drivers/STM32F1xx_HAL_Driver/Inc/stm32f1xx_hal.h:29,
                 from ../Core/Inc/main.h:30,
                 from ../Core/Src/main.c:20:
C:/Users/123/STM32Cube/Repository/STM32Cube_FW_F1_V1.8.5/Drivers/STM32F1xx_HAL_Driver/Inc/stm32f1xx_hal_i2c.h:567:134: note: expected 'uint8_t *' {aka 'unsigned char *'} but argument is of type 'int *'
  567 | HAL_StatusTypeDef HAL_I2C_Mem_Write(I2C_HandleTypeDef *hi2c, uint16_t DevAddress, uint16_t MemAddress, uint16_t MemAddSize, uint8_t *pData, uint16_t Size, uint32_t Timeout);
      |                                                                                                                             ~~~~~~~~~^~~~~
../Core/Src/main.c:83:79: warning: passing argument 5 of 'HAL_I2C_Mem_Write' from incompatible pointer type [-Wincompatible-pointer-types]
   83 |  HAL_I2C_Mem_Write(&hi2c1, MPU6050_ADDRESS_AD0_LOW, MPU6050_RA_SMPLRT_DIV, 1, &data, 1, 1000);
      |                                                                               ^~~~~
      |                                                                               |
      |                                                                               int *
In file included from ../Core/Inc/stm32f1xx_hal_conf.h:298,
                 from C:/Users/123/STM32Cube/Repository/STM32Cube_FW_F1_V1.8.5/Drivers/STM32F1xx_HAL_Driver/Inc/stm32f1xx_hal.h:29,
                 from ../Core/Inc/main.h:30,
                 from ../Core/Src/main.c:20:
C:/Users/123/STM32Cube/Repository/STM32Cube_FW_F1_V1.8.5/Drivers/STM32F1xx_HAL_Driver/Inc/stm32f1xx_hal_i2c.h:567:134: note: expected 'uint8_t *' {aka 'unsigned char *'} but argument is of type 'int *'
  567 | HAL_StatusTypeDef HAL_I2C_Mem_Write(I2C_HandleTypeDef *hi2c, uint16_t DevAddress, uint16_t MemAddress, uint16_t MemAddSize, uint8_t *pData, uint16_t Size, uint32_t Timeout);
      |                                                                                                                             ~~~~~~~~~^~~~~
../Core/Src/main.c:86:81: warning: passing argument 5 of 'HAL_I2C_Mem_Write' from incompatible pointer type [-Wincompatible-pointer-types]
   86 |  HAL_I2C_Mem_Write(&hi2c1, MPU6050_ADDRESS_AD0_LOW, MPU6050_RA_ACCEL_CONFIG, 1, &data, 1, 1000);
      |                                                                                 ^~~~~
      |                                                                                 |
      |                                                                                 int *
In file included from ../Core/Inc/stm32f1xx_hal_conf.h:298,
                 from C:/Users/123/STM32Cube/Repository/STM32Cube_FW_F1_V1.8.5/Drivers/STM32F1xx_HAL_Driver/Inc/stm32f1xx_hal.h:29,
                 from ../Core/Inc/main.h:30,
                 from ../Core/Src/main.c:20:
C:/Users/123/STM32Cube/Repository/STM32Cube_FW_F1_V1.8.5/Drivers/STM32F1xx_HAL_Driver/Inc/stm32f1xx_hal_i2c.h:567:134: note: expected 'uint8_t *' {aka 'unsigned char *'} but argument is of type 'int *'
  567 | HAL_StatusTypeDef HAL_I2C_Mem_Write(I2C_HandleTypeDef *hi2c, uint16_t DevAddress, uint16_t MemAddress, uint16_t MemAddSize, uint8_t *pData, uint16_t Size, uint32_t Timeout);
      |                                                                                                                             ~~~~~~~~~^~~~~
../Core/Src/main.c:88:80: warning: passing argument 5 of 'HAL_I2C_Mem_Write' from incompatible pointer type [-Wincompatible-pointer-types]
   88 |  HAL_I2C_Mem_Write(&hi2c1, MPU6050_ADDRESS_AD0_LOW, MPU6050_RA_GYRO_CONFIG, 1, &data, 1, 1000);
      |                                                                                ^~~~~
      |                                                                                |
      |                                                                                int *
In file included from ../Core/Inc/stm32f1xx_hal_conf.h:298,
                 from C:/Users/123/STM32Cube/Repository/STM32Cube_FW_F1_V1.8.5/Drivers/STM32F1xx_HAL_Driver/Inc/stm32f1xx_hal.h:29,
                 from ../Core/Inc/main.h:30,
                 from ../Core/Src/main.c:20:
C:/Users/123/STM32Cube/Repository/STM32Cube_FW_F1_V1.8.5/Drivers/STM32F1xx_HAL_Driver/Inc/stm32f1xx_hal_i2c.h:567:134: note: expected 'uint8_t *' {aka 'unsigned char *'} but argument is of type 'int *'
  567 | HAL_StatusTypeDef HAL_I2C_Mem_Write(I2C_HandleTypeDef *hi2c, uint16_t DevAddress, uint16_t MemAddress, uint16_t MemAddSize, uint8_t *pData, uint16_t Size, uint32_t Timeout);
      |                                                                                                                             ~~~~~~~~~^~~~~
../Core/Src/main.c: In function 'main':
../Core/Src/main.c:202:4: warning: implicit declaration of function 'printf' [-Wimplicit-function-declaration]
  202 |    printf("Preved!\r\n");
      |    ^~~~~~
../Core/Src/main.c:202:4: warning: incompatible implicit declaration of built-in function 'printf'
../Core/Src/main.c:30:1: note: include '<stdio.h>' or provide a declaration of 'printf'
   29 | #include "MCU6050.h"
  +++ |+#include <stdio.h>
   30 | /* USER CODE END Includes */
arm-none-eabi-gcc -o "gyroskyter.elf" @"objects.list"   -mcpu=cortex-m3 -T"C:\Users\123\Desktop\I2C_Gyro\gyroskyter\STM32F103C6TX_FLASH.ld" --specs=nosys.specs -Wl,-Map="gyroskyter.map" -Wl,--gc-sections -static --specs=nano.specs -mfloat-abi=soft -mthumb -Wl,--start-group -lc -lm -Wl,--end-group
Finished building target: gyroskyter.elf
 
arm-none-eabi-size   gyroskyter.elf 
arm-none-eabi-objdump -h -S  gyroskyter.elf  > "gyroskyter.list"
   text	   data	    bss	    dec	    hex	filename
  29788	    120	   2008	  31916	   7cac	gyroskyter.elf
Finished building: default.size.stdout
 
Finished building: gyroskyter.list
 

14:13:10 Build Finished. 0 errors, 8 warnings. (took 1s.503ms)

